// Jest Snapshot v1, https://goo.gl/fbAQLP

exports[`<Reserve /> matches snapshot 1`] = `
<div
  className="reserve-module"
>
  <PriceHeader
    nightlyRate={200}
  />
  <BookForm />
  <div>
    You won't be charged yet
  </div>
</div>
`;
