// Jest Snapshot v1, https://goo.gl/fbAQLP

exports[`<Reserve /> matches the snapshot 1`] = `
<div
  className="wrapper"
>
  <div>
    <div
      className="price-info"
    >
      $
      200
       per night
    </div>
    <div
      className="review-info"
    >
      * 
      4.75
       (
      200
       reviews)
    </div>
  </div>
  <form>
    <fieldset>
      <legend>
        Dates
      </legend>
      <input
        value="Check-in"
      />
      <div>
        arrow
      </div>
      <input
        value="Checkout"
      />
      <div>
        <div>
          <button
            type="button"
          >
            Prev
          </button>
          <div>
            Month component
          </div>
          <button
            type="button"
          >
            Next
          </button>
        </div>
        <div>
          Calendar Component with Rows
          <div>
            Row component with Cells
            <div>
              Some date from props
            </div>
            <div>
              Some date from props
            </div>
            <div>
              Some date from props
            </div>
            <div>
              Some date from props
            </div>
            <div>
              Some date from props
            </div>
            <div>
              Some date from props
            </div>
            <div>
              Some date from props
            </div>
          </div>
        </div>
        <button
          type="button"
        >
          Clear dates
        </button>
      </div>
      <div>
        <div>
          <button
            type="button"
          >
            Prev
          </button>
          <div>
            Month component
          </div>
          <button
            type="button"
          >
            Next
          </button>
        </div>
        <div>
          Calendar Component with Rows
          <div>
            Row component with Cells
            <div>
              Some date from props
            </div>
            <div>
              Some date from props
            </div>
            <div>
              Some date from props
            </div>
            <div>
              Some date from props
            </div>
            <div>
              Some date from props
            </div>
            <div>
              Some date from props
            </div>
            <div>
              Some date from props
            </div>
          </div>
        </div>
        <button
          type="button"
        >
          Clear dates
        </button>
      </div>
    </fieldset>
    <label>
      Guests
    </label>
    <div>
      <button
        type="button"
      >
        This is the GuestPicker dropdown
      </button>
      <input
        type="hidden"
      />
      <input
        type="hidden"
      />
      <input
        type="hidden"
      />
    </div>
    <button
      type="button"
    >
      Reserve
    </button>
  </form>
  <div>
    You won't be charged yet
  </div>
</div>
`;
